
[1m[19:36:15][0m ════════════════════════════════════════════════
[1m[19:36:15][0m  Deploy started: env=prod version=
[1m[19:36:15][0m  Timestamp: 2026-06-05 19:36:15
[1m[19:36:15][0m  DRY_RUN: false | ROLLBACK_ON_FAIL: false
[1m[19:36:15][0m ════════════════════════════════════════════════
[1m[19:36:15][0m Config loaded: env=prod image=docker.io/nman69/DeployProj:latest

[0;34m══ ROLLING BACK (manual) [0m
[0;31m[19:36:15] ✗ No rollback snapshot found at /tmp/deploy_rollback_DeployProj-api[0m

[1m[19:42:00][0m ════════════════════════════════════════════════
[1m[19:42:00][0m  Deploy started: env=prod version=v1.0.0
[1m[19:42:00][0m  Timestamp: 2026-06-05 19:42:00
[1m[19:42:00][0m  DRY_RUN: true | ROLLBACK_ON_FAIL: false
[1m[19:42:00][0m ════════════════════════════════════════════════
[1m[19:42:00][0m Config loaded: env=prod image=docker.io/nman69/DeployProj:v1.0.0

[0;34m══ Pre-flight checks [0m
[0;32m[19:42:05] ✓ Docker daemon is running[0m
[0;31m[19:42:05] ✗ Image not found in registry: docker.io/nman69/DeployProj:v1.0.0[0m

[1m[19:47:07][0m ════════════════════════════════════════════════
[1m[19:47:07][0m  Deploy started: env=prod version=v1.0.0
[1m[19:47:07][0m  Timestamp: 2026-06-05 19:47:07
[1m[19:47:07][0m  DRY_RUN: false | ROLLBACK_ON_FAIL: true
[1m[19:47:07][0m ════════════════════════════════════════════════
[1m[19:47:07][0m Config loaded: env=prod image=docker.io/nman69/DeployProj:v1.0.0

[0;34m══ Pre-flight checks [0m
[0;32m[19:47:07] ✓ Docker daemon is running[0m
[0;31m[19:47:07] ✗ Image not found in registry: docker.io/nman69/DeployProj:v1.0.0[0m

[1m[19:48:03][0m ════════════════════════════════════════════════
[1m[19:48:03][0m  Deploy started: env=prod version=v1.0.0
[1m[19:48:03][0m  Timestamp: 2026-06-05 19:48:03
[1m[19:48:03][0m  DRY_RUN: false | ROLLBACK_ON_FAIL: true
[1m[19:48:03][0m ════════════════════════════════════════════════
[1m[19:48:03][0m Config loaded: env=prod image=docker.io/nman69/deployproj:v1.0.0

[0;34m══ Pre-flight checks [0m
[0;32m[19:48:04] ✓ Docker daemon is running[0m
[0;32m[19:48:07] ✓ Image exists: docker.io/nman69/deployproj:v1.0.0[0m
[0;32m[19:48:07] ✓ Disk space OK: 945GB free[0m
[1;33m[19:48:07] ⚠ Environment variable DATABASE_URL is not set[0m
[1;33m[19:48:07] ⚠ Environment variable REDIS_URL is not set[0m
[1m[19:48:16][0m Deployment cancelled by user.

[1m[19:50:48][0m ════════════════════════════════════════════════
[1m[19:50:48][0m  Deploy started: env=prod version=v1.0.0
[1m[19:50:48][0m  Timestamp: 2026-06-05 19:50:48
[1m[19:50:48][0m  DRY_RUN: false | ROLLBACK_ON_FAIL: true
[1m[19:50:48][0m ════════════════════════════════════════════════
[1m[19:50:48][0m Config loaded: env=prod image=docker.io/nman69/deployproj:v1.0.0

[0;34m══ Pre-flight checks [0m
[0;32m[19:50:49] ✓ Docker daemon is running[0m
[0;32m[19:50:50] ✓ Image exists: docker.io/nman69/deployproj:v1.0.0[0m
[0;32m[19:50:50] ✓ Disk space OK: 945GB free[0m
[1;33m[19:50:50] ⚠ Environment variable DATABASE_URL is not set[0m
[1;33m[19:50:50] ⚠ Environment variable REDIS_URL is not set[0m
[0;32m[19:50:51] ✓ All pre-flight checks passed[0m

[0;34m══ Saving rollback snapshot [0m
[1;33m[19:50:51] ⚠ No running container found — first deploy, no snapshot needed[0m

[0;34m══ Pulling image: docker.io/nman69/deployproj:v1.0.0 [0m
[1m[19:50:51][0m   $ docker pull docker.io/nman69/deployproj:v1.0.0
[0;32m[19:50:53] ✓ Image pulled[0m

[0;34m══ Running DB migrations [0m
[1m[19:50:53][0m   $ timeout 120 docker run --rm         --network host         -e DATABASE_URL=         docker.io/nman69/deployproj:v1.0.0         python -m alembic upgrade head

[1m[19:52:14][0m ════════════════════════════════════════════════
[1m[19:52:14][0m  Deploy started: env=prod version=v1.0.0
[1m[19:52:14][0m  Timestamp: 2026-06-05 19:52:14
[1m[19:52:14][0m  DRY_RUN: false | ROLLBACK_ON_FAIL: true
[1m[19:52:14][0m ════════════════════════════════════════════════
[1m[19:52:14][0m Config loaded: env=prod image=docker.io/nman69/deployproj:v1.0.0

[0;34m══ Pre-flight checks [0m
[0;32m[19:52:15] ✓ Docker daemon is running[0m
[0;32m[19:52:18] ✓ Image exists: docker.io/nman69/deployproj:v1.0.0[0m
[0;32m[19:52:18] ✓ Disk space OK: 945GB free[0m
[1;33m[19:52:18] ⚠ Environment variable DATABASE_URL is not set[0m
[1;33m[19:52:18] ⚠ Environment variable REDIS_URL is not set[0m
[0;32m[19:52:19] ✓ All pre-flight checks passed[0m

[0;34m══ Saving rollback snapshot [0m
[1;33m[19:52:20] ⚠ No running container found — first deploy, no snapshot needed[0m

[0;34m══ Pulling image: docker.io/nman69/deployproj:v1.0.0 [0m
[1m[19:52:20][0m   $ docker pull docker.io/nman69/deployproj:v1.0.0
[0;32m[19:52:22] ✓ Image pulled[0m

[0;34m══ Starting new container [0m
[1m[19:52:22][0m   $ docker run -d         --name deployproj-api         --restart unless-stopped         -p 8000:8000         -e DATABASE_URL=         -e REDIS_URL=         docker.io/nman69/deployproj:v1.0.0
[0;32m[19:52:23] ✓ Container started: deployproj-api[0m

[0;34m══ Health check: http://localhost:8000/health [0m
[1m[19:52:23][0m Waiting for 3 consecutive 200s (timeout: 60s) …
[1m[19:52:23][0m   ✗ 000000 — waiting …
[1m[19:52:26][0m   ✗ 000000 — waiting …
[1m[19:52:29][0m   ✗ 000000 — waiting …
[1m[19:52:32][0m   ✗ 000000 — waiting …
[1m[19:52:35][0m   ✗ 000000 — waiting …
[1m[19:52:38][0m   ✗ 000000 — waiting …
[1m[19:52:39][0m   ✗ 000000 — waiting …
[1m[19:52:42][0m   ✗ 000000 — waiting …
[1m[19:52:45][0m   ✗ 000000 — waiting …
[1m[19:52:48][0m   ✗ 000000 — waiting …
[1m[19:52:51][0m   ✗ 000000 — waiting …
[1m[19:52:54][0m   ✗ 000000 — waiting …
[1m[19:52:57][0m   ✗ 000000 — waiting …
[1m[19:53:00][0m   ✗ 000000 — waiting …
[1m[19:53:03][0m   ✗ 000000 — waiting …
[1m[19:53:06][0m   ✗ 000000 — waiting …
[1m[19:53:07][0m   ✗ 000000 — waiting …
[1m[19:53:10][0m   ✗ 000000 — waiting …
[1m[19:53:13][0m   ✗ 000000 — waiting …
[1m[19:53:16][0m   ✗ 000000 — waiting …
[0;31m[19:53:19] ✗ Health check FAILED after 60s[0m

[0;34m══ ROLLING BACK (health check failure) [0m
[0;31m[19:53:19] ✗ No rollback snapshot found at /tmp/deploy_rollback_deployproj-api[0m
